// Jest Snapshot v1, https://goo.gl/fbAQLP

exports[`should render JobsAdditions component to match snapshot 1`] = `
<div
  className="makeStyles-container-1"
>
  <WithStyles(ForwardRef(MenuItem))
    className="makeStyles-menuItem-2"
    key="0"
  >
    <JobsLeftItem
      Icon={
        <Memo
          fontSize="inherit"
        />
      }
      key="0"
      title="Job Alerts"
      to="#"
    />
  </WithStyles(ForwardRef(MenuItem))>
  <WithStyles(ForwardRef(MenuItem))
    className="makeStyles-menuItem-2"
    key="1"
  >
    <JobsLeftItem
      Icon={
        <Memo
          fontSize="inherit"
        />
      }
      key="1"
      title="Skill Assessments"
      to="#"
    />
  </WithStyles(ForwardRef(MenuItem))>
  <WithStyles(ForwardRef(MenuItem))
    className="makeStyles-menuItem-2"
    key="2"
  >
    <JobsLeftItem
      Icon={
        <Memo
          fontSize="inherit"
        />
      }
      key="2"
      title="Interview Prep"
      to="#"
    />
  </WithStyles(ForwardRef(MenuItem))>
  <WithStyles(ForwardRef(MenuItem))
    className="makeStyles-menuItem-2"
    key="3"
  >
    <JobsLeftItem
      Icon={
        <Memo
          fontSize="inherit"
        />
      }
      key="3"
      title="Resume Builder"
      to="#"
    />
  </WithStyles(ForwardRef(MenuItem))>
  <WithStyles(ForwardRef(MenuItem))
    className="makeStyles-menuItem-2"
    key="4"
  >
    <JobsLeftItem
      Icon={
        <Memo
          fontSize="inherit"
        />
      }
      key="4"
      title="Application Settings"
      to="#"
    />
  </WithStyles(ForwardRef(MenuItem))>
</div>
`;
