// Jest Snapshot v1, https://goo.gl/fbAQLP

exports[`should render Register component with RegisterGooglePage to match snapshot 1`] = `
<div>
  <div>
    <LinkedinLogo />
  </div>
  <div>
    <RegisterGooglePage />
  </div>
</div>
`;
