// Jest Snapshot v1, https://goo.gl/fbAQLP

exports[`should render MyJobs component to match snapshot 1`] = `
<WithStyles(ForwardRef(Container))
  maxWidth="lg"
>
  <WithStyles(ForwardRef(Grid))
    alignItems="flex-start"
    container={true}
    justifyContent="center"
    spacing={2}
  >
    <WithStyles(ForwardRef(Grid))
      item={true}
      lg={2}
      md={2}
      sm={10}
      xl={2}
      xs={12}
    >
      <MyJobsLeft />
    </WithStyles(ForwardRef(Grid))>
    <WithStyles(ForwardRef(Grid))
      item={true}
      lg={6}
      md={5}
      sm={10}
      xl={6}
      xs={12}
    >
      <MyJobsMain />
    </WithStyles(ForwardRef(Grid))>
    <WithStyles(ForwardRef(Grid))
      item={true}
      lg={3}
      md={3}
      sm={10}
      xl={3}
      xs={12}
    >
      <MyJobsRight />
    </WithStyles(ForwardRef(Grid))>
  </WithStyles(ForwardRef(Grid))>
</WithStyles(ForwardRef(Container))>
`;
