// Jest Snapshot v1, https://goo.gl/fbAQLP

exports[`should render MyJobsRight component to match snapshot 1`] = `
<div>
  <ImgToJobsPage />
</div>
`;
