// Jest Snapshot v1, https://goo.gl/fbAQLP

exports[`should render ConnectionsRight component to match snapshot 1`] = `undefined`;
