// Jest Snapshot v1, https://goo.gl/fbAQLP

exports[`should render ConnectionsRight styles to match snapshot 1`] = `undefined`;
