// Jest Snapshot v1, https://goo.gl/fbAQLP

exports[`should render Main component to match snapshot 1`] = `<Preloader />`;
