// Jest Snapshot v1, https://goo.gl/fbAQLP

exports[`should render TreeDots component to match snapshot 1`] = `
<Memo(ForwardRef(MoreHorizIcon))
  className="makeStyles-icon-1"
/>
`;
